2026-07-17 21:41:48 INFO     [+] Loading ruleset(s)
2026-07-17 21:41:48 INFO         [>] Converting Native Sigma to Zircolite ruleset : [link=file:///home/carlos/projects/detection-engineering-sigma-rules/rules/t1003_001_lsass_process_access_dump.yml][cyan]/home/carlos/projects/detection-engineering-sigma-rules/rules/t1003_001_lsass_process_access_dump.yml[/][/link]
2026-07-17 21:41:48 INFO     [green]\[✓][/] Converted [cyan]1[/] rules
2026-07-17 21:41:48 INFO     [+] 1 rules loaded
2026-07-17 21:41:48 INFO     [+] Checking prerequisites
2026-07-17 21:41:48 INFO     [+] Auto-detected log type: [cyan]windows_evtx[/] ([yellow]evtx[/]) - confidence: [green]high[/]
2026-07-17 21:41:48 INFO     [+] Auto-detected timestamp field: [cyan]SystemTime[/]
2026-07-17 21:41:48 INFO     [+] Processing [yellow]1[/] file(s) separately in streaming mode
2026-07-17 21:41:48 INFO     [+] Processing file: [link=file:///home/carlos/projects/detection-engineering-sigma-rules/logs/T1059.001_powershell/exec_emotet_ps_4104.evtx][cyan]exec_emotet_ps_4104.evtx[/][/link]
2026-07-17 21:41:48 INFO     [+] Processing events (streaming mode)
2026-07-17 21:41:48 INFO     [+] Creating dynamic model
2026-07-17 21:41:48 INFO     [+] Creating indexes
2026-07-17 21:41:48 INFO     [+] Total events processed: [magenta]1[/]
2026-07-17 21:41:48 INFO     [+] Executing ruleset for [link=file:///home/carlos/projects/detection-engineering-sigma-rules/logs/T1059.001_powershell/exec_emotet_ps_4104.evtx][cyan]exec_emotet_ps_4104.evtx[/][/link] - [yellow]1[/] rules
2026-07-17 22:09:18 INFO     [+] Loading ruleset(s)
2026-07-17 22:09:18 INFO         [>] Converting Native Sigma to Zircolite ruleset : [link=file:///home/carlos/projects/detection-engineering-sigma-rules/rules/t1003_001_lsass_process_access_dump.yml][cyan]/home/carlos/projects/detection-engineering-sigma-rules/rules/t1003_001_lsass_process_access_dump.yml[/][/link]
2026-07-17 22:09:18 INFO     [green]\[✓][/] Converted [cyan]1[/] rules
2026-07-17 22:09:18 INFO     [+] 1 rules loaded
2026-07-17 22:09:18 INFO     [+] Checking prerequisites
2026-07-17 22:09:18 INFO     [+] Auto-detected log type: [cyan]windows_evtx[/] ([yellow]evtx[/]) - confidence: [green]high[/]
2026-07-17 22:09:18 INFO     [+] Auto-detected timestamp field: [cyan]SystemTime[/]
2026-07-17 22:09:18 INFO     [+] Processing [yellow]1[/] file(s) separately in streaming mode
2026-07-17 22:09:18 INFO     [+] Processing file: [link=file:///home/carlos/projects/detection-engineering-sigma-rules/logs/T1059.001_powershell/exec_emotet_ps_4104.evtx][cyan]exec_emotet_ps_4104.evtx[/][/link]
2026-07-17 22:09:18 INFO     [+] Processing events (streaming mode)
2026-07-17 22:09:18 INFO     [+] Creating dynamic model
2026-07-17 22:09:18 INFO     [+] Creating indexes
2026-07-17 22:09:18 INFO     [+] Total events processed: [magenta]1[/]
2026-07-17 22:09:18 INFO     [+] Executing ruleset for [link=file:///home/carlos/projects/detection-engineering-sigma-rules/logs/T1059.001_powershell/exec_emotet_ps_4104.evtx][cyan]exec_emotet_ps_4104.evtx[/][/link] - [yellow]1[/] rules
