2026-07-17 21:41:37 INFO     [+] Loading ruleset(s)
2026-07-17 21:41:37 INFO         [>] Converting Native Sigma to Zircolite ruleset : [link=file:///home/carlos/projects/detection-engineering-sigma-rules/rules/t1003_001_lsass_process_access_dump.yml][cyan]/home/carlos/projects/detection-engineering-sigma-rules/rules/t1003_001_lsass_process_access_dump.yml[/][/link]
2026-07-17 21:41:37 INFO     [green]\[✓][/] Converted [cyan]1[/] rules
2026-07-17 21:41:37 INFO     [+] 1 rules loaded
2026-07-17 21:41:37 INFO     [+] Checking prerequisites
2026-07-17 21:41:37 INFO     [+] Processing [yellow]1[/] file(s) separately in streaming mode
2026-07-17 21:41:37 INFO     [+] Processing file: [link=file:///home/carlos/projects/detection-engineering-sigma-rules/logs/T1003.001_lsass_dump/psh_lsass_memory_dump_comsvcs_2020-10-18T19500924.json][cyan]psh_lsass_memory_dump_comsvcs_2020-10-18T19500924.json[/][/link]
2026-07-17 21:41:37 INFO     [+] Processing events (streaming mode)
2026-07-17 21:41:37 INFO     [+] Creating dynamic model
2026-07-17 21:41:37 INFO     [+] Creating indexes
2026-07-17 21:41:37 INFO     [+] Total events processed: [magenta]184[/]
2026-07-17 21:41:37 INFO     [+] Executing ruleset for [link=file:///home/carlos/projects/detection-engineering-sigma-rules/logs/T1003.001_lsass_dump/psh_lsass_memory_dump_comsvcs_2020-10-18T19500924.json][cyan]psh_lsass_memory_dump_comsvcs_2020-10-18T19500924.json[/][/link] - [yellow]1[/] rules
2026-07-17 22:09:07 INFO     [+] Loading ruleset(s)
2026-07-17 22:09:07 INFO         [>] Converting Native Sigma to Zircolite ruleset : [link=file:///home/carlos/projects/detection-engineering-sigma-rules/rules/t1003_001_lsass_process_access_dump.yml][cyan]/home/carlos/projects/detection-engineering-sigma-rules/rules/t1003_001_lsass_process_access_dump.yml[/][/link]
2026-07-17 22:09:07 INFO     [green]\[✓][/] Converted [cyan]1[/] rules
2026-07-17 22:09:07 INFO     [+] 1 rules loaded
2026-07-17 22:09:07 INFO     [+] Checking prerequisites
2026-07-17 22:09:07 INFO     [+] Processing [yellow]1[/] file(s) separately in streaming mode
2026-07-17 22:09:07 INFO     [+] Processing file: [link=file:///home/carlos/projects/detection-engineering-sigma-rules/logs/T1003.001_lsass_dump/psh_lsass_memory_dump_comsvcs_2020-10-18T19500924.json][cyan]psh_lsass_memory_dump_comsvcs_2020-10-18T19500924.json[/][/link]
2026-07-17 22:09:07 INFO     [+] Processing events (streaming mode)
2026-07-17 22:09:07 INFO     [+] Creating dynamic model
2026-07-17 22:09:07 INFO     [+] Creating indexes
2026-07-17 22:09:07 INFO     [+] Total events processed: [magenta]184[/]
2026-07-17 22:09:07 INFO     [+] Executing ruleset for [link=file:///home/carlos/projects/detection-engineering-sigma-rules/logs/T1003.001_lsass_dump/psh_lsass_memory_dump_comsvcs_2020-10-18T19500924.json][cyan]psh_lsass_memory_dump_comsvcs_2020-10-18T19500924.json[/][/link] - [yellow]1[/] rules
