2026-07-17 21:42:04 INFO     [+] Loading ruleset(s)
2026-07-17 21:42:04 INFO         [>] Converting Native Sigma to Zircolite ruleset : [link=file:///home/carlos/projects/detection-engineering-sigma-rules/rules/t1055_create_remote_thread_from_scripting_process.yml][cyan]/home/carlos/projects/detection-engineering-sigma-rules/rules/t1055_create_remote_thread_from_scripting_process.yml[/][/link]
2026-07-17 21:42:04 INFO     [green]\[✓][/] Converted [cyan]1[/] rules
2026-07-17 21:42:04 INFO     [+] 1 rules loaded
2026-07-17 21:42:04 INFO     [+] Checking prerequisites
2026-07-17 21:42:04 INFO     [+] Processing [yellow]1[/] file(s) separately in streaming mode
2026-07-17 21:42:04 INFO     [+] Processing file: [link=file:///home/carlos/projects/detection-engineering-sigma-rules/logs/T1547.001_registry_run_keys/empire_persistence_registry_modification_run_keys_standard_user_2020-09-04030609.json][cyan]empire_persistence_registry_modification_run_keys_standard_user_2020-09-04030609.json[/][/link]
2026-07-17 21:42:04 INFO     [+] Processing events (streaming mode)
2026-07-17 21:42:05 INFO     [+] Creating dynamic model
2026-07-17 21:42:09 INFO     [+] Creating indexes
2026-07-17 21:42:09 INFO     [+] Total events processed: [magenta]40,569[/]
2026-07-17 21:42:09 INFO     [+] Executing ruleset for [link=file:///home/carlos/projects/detection-engineering-sigma-rules/logs/T1547.001_registry_run_keys/empire_persistence_registry_modification_run_keys_standard_user_2020-09-04030609.json][cyan]empire_persistence_registry_modification_run_keys_standard_user_2020-09-04030609.json[/][/link] - [yellow]1[/] rules
2026-07-17 22:09:34 INFO     [+] Loading ruleset(s)
2026-07-17 22:09:34 INFO         [>] Converting Native Sigma to Zircolite ruleset : [link=file:///home/carlos/projects/detection-engineering-sigma-rules/rules/t1055_create_remote_thread_from_scripting_process.yml][cyan]/home/carlos/projects/detection-engineering-sigma-rules/rules/t1055_create_remote_thread_from_scripting_process.yml[/][/link]
2026-07-17 22:09:34 INFO     [green]\[✓][/] Converted [cyan]1[/] rules
2026-07-17 22:09:34 INFO     [+] 1 rules loaded
2026-07-17 22:09:34 INFO     [+] Checking prerequisites
2026-07-17 22:09:35 INFO     [+] Processing [yellow]1[/] file(s) separately in streaming mode
2026-07-17 22:09:35 INFO     [+] Processing file: [link=file:///home/carlos/projects/detection-engineering-sigma-rules/logs/T1547.001_registry_run_keys/empire_persistence_registry_modification_run_keys_standard_user_2020-09-04030609.json][cyan]empire_persistence_registry_modification_run_keys_standard_user_2020-09-04030609.json[/][/link]
2026-07-17 22:09:35 INFO     [+] Processing events (streaming mode)
2026-07-17 22:09:35 INFO     [+] Creating dynamic model
2026-07-17 22:09:40 INFO     [+] Creating indexes
2026-07-17 22:09:40 INFO     [+] Total events processed: [magenta]40,569[/]
2026-07-17 22:09:40 INFO     [+] Executing ruleset for [link=file:///home/carlos/projects/detection-engineering-sigma-rules/logs/T1547.001_registry_run_keys/empire_persistence_registry_modification_run_keys_standard_user_2020-09-04030609.json][cyan]empire_persistence_registry_modification_run_keys_standard_user_2020-09-04030609.json[/][/link] - [yellow]1[/] rules
