2026-07-17 21:42:03 INFO     [+] Loading ruleset(s)
2026-07-17 21:42:03 INFO         [>] Converting Native Sigma to Zircolite ruleset : [link=file:///home/carlos/projects/detection-engineering-sigma-rules/rules/t1055_create_remote_thread_from_scripting_process.yml][cyan]/home/carlos/projects/detection-engineering-sigma-rules/rules/t1055_create_remote_thread_from_scripting_process.yml[/][/link]
2026-07-17 21:42:03 INFO     [green]\[✓][/] Converted [cyan]1[/] rules
2026-07-17 21:42:03 INFO     [+] 1 rules loaded
2026-07-17 21:42:03 INFO     [+] Checking prerequisites
2026-07-17 21:42:03 INFO     [+] Processing [yellow]1[/] file(s) separately in streaming mode
2026-07-17 21:42:03 INFO     [+] Processing file: [link=file:///home/carlos/projects/detection-engineering-sigma-rules/logs/T1055_process_injection/empire_psinject_PEinjection_2020-08-07143205.json][cyan]empire_psinject_PEinjection_2020-08-07143205.json[/][/link]
2026-07-17 21:42:03 INFO     [+] Processing events (streaming mode)
2026-07-17 21:42:03 INFO     [+] Creating dynamic model
2026-07-17 21:42:04 INFO     [+] Creating indexes
2026-07-17 21:42:04 INFO     [+] Total events processed: [magenta]5,898[/]
2026-07-17 21:42:04 INFO     [+] Executing ruleset for [link=file:///home/carlos/projects/detection-engineering-sigma-rules/logs/T1055_process_injection/empire_psinject_PEinjection_2020-08-07143205.json][cyan]empire_psinject_PEinjection_2020-08-07143205.json[/][/link] - [yellow]1[/] rules
2026-07-17 22:09:33 INFO     [+] Loading ruleset(s)
2026-07-17 22:09:33 INFO         [>] Converting Native Sigma to Zircolite ruleset : [link=file:///home/carlos/projects/detection-engineering-sigma-rules/rules/t1055_create_remote_thread_from_scripting_process.yml][cyan]/home/carlos/projects/detection-engineering-sigma-rules/rules/t1055_create_remote_thread_from_scripting_process.yml[/][/link]
2026-07-17 22:09:33 INFO     [green]\[✓][/] Converted [cyan]1[/] rules
2026-07-17 22:09:33 INFO     [+] 1 rules loaded
2026-07-17 22:09:33 INFO     [+] Checking prerequisites
2026-07-17 22:09:33 INFO     [+] Processing [yellow]1[/] file(s) separately in streaming mode
2026-07-17 22:09:33 INFO     [+] Processing file: [link=file:///home/carlos/projects/detection-engineering-sigma-rules/logs/T1055_process_injection/empire_psinject_PEinjection_2020-08-07143205.json][cyan]empire_psinject_PEinjection_2020-08-07143205.json[/][/link]
2026-07-17 22:09:33 INFO     [+] Processing events (streaming mode)
2026-07-17 22:09:33 INFO     [+] Creating dynamic model
2026-07-17 22:09:34 INFO     [+] Creating indexes
2026-07-17 22:09:34 INFO     [+] Total events processed: [magenta]5,898[/]
2026-07-17 22:09:34 INFO     [+] Executing ruleset for [link=file:///home/carlos/projects/detection-engineering-sigma-rules/logs/T1055_process_injection/empire_psinject_PEinjection_2020-08-07143205.json][cyan]empire_psinject_PEinjection_2020-08-07143205.json[/][/link] - [yellow]1[/] rules
