2026-07-17 21:42:23 INFO     [+] Loading ruleset(s)
2026-07-17 21:42:23 INFO         [>] Converting Native Sigma to Zircolite ruleset : [link=file:///home/carlos/projects/detection-engineering-sigma-rules/rules/t1059_001_powershell_download_cradle.yml][cyan]/home/carlos/projects/detection-engineering-sigma-rules/rules/t1059_001_powershell_download_cradle.yml[/][/link]
2026-07-17 21:42:23 INFO     [green]\[✓][/] Converted [cyan]1[/] rules
2026-07-17 21:42:23 INFO     [+] 1 rules loaded
2026-07-17 21:42:23 INFO     [+] Event filter enabled: [cyan]2[/] channels, [cyan]1[/] eventIDs
2026-07-17 21:42:23 INFO     [+] Checking prerequisites
2026-07-17 21:42:23 INFO     [+] Processing [yellow]1[/] file(s) separately in streaming mode
2026-07-17 21:42:23 INFO     [+] Processing file: [link=file:///home/carlos/projects/detection-engineering-sigma-rules/logs/T1003.001_lsass_dump/psh_lsass_memory_dump_comsvcs_2020-10-18T19500924.json][cyan]psh_lsass_memory_dump_comsvcs_2020-10-18T19500924.json[/][/link]
2026-07-17 21:42:23 INFO     [+] Processing events (streaming mode)
2026-07-17 21:42:23 INFO     [+] Creating dynamic model
2026-07-17 21:42:23 INFO     [+] Creating indexes
2026-07-17 21:42:23 INFO     [+] Total events processed: [magenta]0[/] ([dim]184 events filtered out[/])
2026-07-17 21:42:23 INFO     [+] Executing ruleset for [link=file:///home/carlos/projects/detection-engineering-sigma-rules/logs/T1003.001_lsass_dump/psh_lsass_memory_dump_comsvcs_2020-10-18T19500924.json][cyan]psh_lsass_memory_dump_comsvcs_2020-10-18T19500924.json[/][/link] - [yellow]1[/] rules
2026-07-17 22:09:53 INFO     [+] Loading ruleset(s)
2026-07-17 22:09:53 INFO         [>] Converting Native Sigma to Zircolite ruleset : [link=file:///home/carlos/projects/detection-engineering-sigma-rules/rules/t1059_001_powershell_download_cradle.yml][cyan]/home/carlos/projects/detection-engineering-sigma-rules/rules/t1059_001_powershell_download_cradle.yml[/][/link]
2026-07-17 22:09:53 INFO     [green]\[✓][/] Converted [cyan]1[/] rules
2026-07-17 22:09:53 INFO     [+] 1 rules loaded
2026-07-17 22:09:53 INFO     [+] Event filter enabled: [cyan]2[/] channels, [cyan]1[/] eventIDs
2026-07-17 22:09:53 INFO     [+] Checking prerequisites
2026-07-17 22:09:53 INFO     [+] Processing [yellow]1[/] file(s) separately in streaming mode
2026-07-17 22:09:53 INFO     [+] Processing file: [link=file:///home/carlos/projects/detection-engineering-sigma-rules/logs/T1003.001_lsass_dump/psh_lsass_memory_dump_comsvcs_2020-10-18T19500924.json][cyan]psh_lsass_memory_dump_comsvcs_2020-10-18T19500924.json[/][/link]
2026-07-17 22:09:53 INFO     [+] Processing events (streaming mode)
2026-07-17 22:09:53 INFO     [+] Creating dynamic model
2026-07-17 22:09:53 INFO     [+] Creating indexes
2026-07-17 22:09:53 INFO     [+] Total events processed: [magenta]0[/] ([dim]184 events filtered out[/])
2026-07-17 22:09:53 INFO     [+] Executing ruleset for [link=file:///home/carlos/projects/detection-engineering-sigma-rules/logs/T1003.001_lsass_dump/psh_lsass_memory_dump_comsvcs_2020-10-18T19500924.json][cyan]psh_lsass_memory_dump_comsvcs_2020-10-18T19500924.json[/][/link] - [yellow]1[/] rules
