2026-07-17 21:42:24 INFO     [+] Loading ruleset(s)
2026-07-17 21:42:24 INFO         [>] Converting Native Sigma to Zircolite ruleset : [link=file:///home/carlos/projects/detection-engineering-sigma-rules/rules/t1059_001_powershell_download_cradle.yml][cyan]/home/carlos/projects/detection-engineering-sigma-rules/rules/t1059_001_powershell_download_cradle.yml[/][/link]
2026-07-17 21:42:24 INFO     [green]\[✓][/] Converted [cyan]1[/] rules
2026-07-17 21:42:24 INFO     [+] 1 rules loaded
2026-07-17 21:42:24 INFO     [+] Event filter enabled: [cyan]2[/] channels, [cyan]1[/] eventIDs
2026-07-17 21:42:24 INFO     [+] Checking prerequisites
2026-07-17 21:42:24 INFO     [+] Processing [yellow]1[/] file(s) separately in streaming mode
2026-07-17 21:42:24 INFO     [+] Processing file: [link=file:///home/carlos/projects/detection-engineering-sigma-rules/logs/T1021.002_smb_admin_shares/empire_smbexec_dcerpc_smb_svcctl_2020-09-20025716.json][cyan]empire_smbexec_dcerpc_smb_svcctl_2020-09-20025716.json[/][/link]
2026-07-17 21:42:24 INFO     [+] Processing events (streaming mode)
2026-07-17 21:42:24 INFO     [+] Creating dynamic model
2026-07-17 21:42:24 INFO     [+] Creating indexes
2026-07-17 21:42:24 INFO     [+] Total events processed: [magenta]1[/] ([dim]7,503 events filtered out[/])
2026-07-17 21:42:24 INFO     [+] Executing ruleset for [link=file:///home/carlos/projects/detection-engineering-sigma-rules/logs/T1021.002_smb_admin_shares/empire_smbexec_dcerpc_smb_svcctl_2020-09-20025716.json][cyan]empire_smbexec_dcerpc_smb_svcctl_2020-09-20025716.json[/][/link] - [yellow]1[/] rules
2026-07-17 22:09:54 INFO     [+] Loading ruleset(s)
2026-07-17 22:09:54 INFO         [>] Converting Native Sigma to Zircolite ruleset : [link=file:///home/carlos/projects/detection-engineering-sigma-rules/rules/t1059_001_powershell_download_cradle.yml][cyan]/home/carlos/projects/detection-engineering-sigma-rules/rules/t1059_001_powershell_download_cradle.yml[/][/link]
2026-07-17 22:09:54 INFO     [green]\[✓][/] Converted [cyan]1[/] rules
2026-07-17 22:09:54 INFO     [+] 1 rules loaded
2026-07-17 22:09:54 INFO     [+] Event filter enabled: [cyan]2[/] channels, [cyan]1[/] eventIDs
2026-07-17 22:09:54 INFO     [+] Checking prerequisites
2026-07-17 22:09:54 INFO     [+] Processing [yellow]1[/] file(s) separately in streaming mode
2026-07-17 22:09:54 INFO     [+] Processing file: [link=file:///home/carlos/projects/detection-engineering-sigma-rules/logs/T1021.002_smb_admin_shares/empire_smbexec_dcerpc_smb_svcctl_2020-09-20025716.json][cyan]empire_smbexec_dcerpc_smb_svcctl_2020-09-20025716.json[/][/link]
2026-07-17 22:09:54 INFO     [+] Processing events (streaming mode)
2026-07-17 22:09:54 INFO     [+] Creating dynamic model
2026-07-17 22:09:54 INFO     [+] Creating indexes
2026-07-17 22:09:54 INFO     [+] Total events processed: [magenta]1[/] ([dim]7,503 events filtered out[/])
2026-07-17 22:09:54 INFO     [+] Executing ruleset for [link=file:///home/carlos/projects/detection-engineering-sigma-rules/logs/T1021.002_smb_admin_shares/empire_smbexec_dcerpc_smb_svcctl_2020-09-20025716.json][cyan]empire_smbexec_dcerpc_smb_svcctl_2020-09-20025716.json[/][/link] - [yellow]1[/] rules
