2026-07-17 21:42:26 INFO     [+] Loading ruleset(s)
2026-07-17 21:42:26 INFO         [>] Converting Native Sigma to Zircolite ruleset : [link=file:///home/carlos/projects/detection-engineering-sigma-rules/rules/t1059_001_powershell_download_cradle.yml][cyan]/home/carlos/projects/detection-engineering-sigma-rules/rules/t1059_001_powershell_download_cradle.yml[/][/link]
2026-07-17 21:42:26 INFO     [green]\[✓][/] Converted [cyan]1[/] rules
2026-07-17 21:42:26 INFO     [+] 1 rules loaded
2026-07-17 21:42:26 INFO     [+] Event filter enabled: [cyan]2[/] channels, [cyan]1[/] eventIDs
2026-07-17 21:42:26 INFO     [+] Checking prerequisites
2026-07-17 21:42:26 INFO     [+] Processing [yellow]1[/] file(s) separately in streaming mode
2026-07-17 21:42:26 INFO     [+] Processing file: [link=file:///home/carlos/projects/detection-engineering-sigma-rules/logs/T1547.001_registry_run_keys/empire_persistence_registry_modification_run_keys_standard_user_2020-09-04030609.json][cyan]empire_persistence_registry_modification_run_keys_standard_user_2020-09-04030609.json[/][/link]
2026-07-17 21:42:26 INFO     [+] Processing events (streaming mode)
2026-07-17 21:42:26 INFO     [+] Creating dynamic model
2026-07-17 21:42:26 INFO     [+] Creating indexes
2026-07-17 21:42:26 INFO     [+] Total events processed: [magenta]37[/] ([dim]40,532 events filtered out[/])
2026-07-17 21:42:26 INFO     [+] Executing ruleset for [link=file:///home/carlos/projects/detection-engineering-sigma-rules/logs/T1547.001_registry_run_keys/empire_persistence_registry_modification_run_keys_standard_user_2020-09-04030609.json][cyan]empire_persistence_registry_modification_run_keys_standard_user_2020-09-04030609.json[/][/link] - [yellow]1[/] rules
2026-07-17 22:09:56 INFO     [+] Loading ruleset(s)
2026-07-17 22:09:56 INFO         [>] Converting Native Sigma to Zircolite ruleset : [link=file:///home/carlos/projects/detection-engineering-sigma-rules/rules/t1059_001_powershell_download_cradle.yml][cyan]/home/carlos/projects/detection-engineering-sigma-rules/rules/t1059_001_powershell_download_cradle.yml[/][/link]
2026-07-17 22:09:56 INFO     [green]\[✓][/] Converted [cyan]1[/] rules
2026-07-17 22:09:56 INFO     [+] 1 rules loaded
2026-07-17 22:09:56 INFO     [+] Event filter enabled: [cyan]2[/] channels, [cyan]1[/] eventIDs
2026-07-17 22:09:56 INFO     [+] Checking prerequisites
2026-07-17 22:09:56 INFO     [+] Processing [yellow]1[/] file(s) separately in streaming mode
2026-07-17 22:09:56 INFO     [+] Processing file: [link=file:///home/carlos/projects/detection-engineering-sigma-rules/logs/T1547.001_registry_run_keys/empire_persistence_registry_modification_run_keys_standard_user_2020-09-04030609.json][cyan]empire_persistence_registry_modification_run_keys_standard_user_2020-09-04030609.json[/][/link]
2026-07-17 22:09:56 INFO     [+] Processing events (streaming mode)
2026-07-17 22:09:56 INFO     [+] Creating dynamic model
2026-07-17 22:09:57 INFO     [+] Creating indexes
2026-07-17 22:09:57 INFO     [+] Total events processed: [magenta]37[/] ([dim]40,532 events filtered out[/])
2026-07-17 22:09:57 INFO     [+] Executing ruleset for [link=file:///home/carlos/projects/detection-engineering-sigma-rules/logs/T1547.001_registry_run_keys/empire_persistence_registry_modification_run_keys_standard_user_2020-09-04030609.json][cyan]empire_persistence_registry_modification_run_keys_standard_user_2020-09-04030609.json[/][/link] - [yellow]1[/] rules
