2026-07-17 21:42:12 INFO     [+] Loading ruleset(s)
2026-07-17 21:42:12 INFO         [>] Converting Native Sigma to Zircolite ruleset : [link=file:///home/carlos/projects/detection-engineering-sigma-rules/rules/t1547_001_registry_run_key_suspicious_payload.yml][cyan]/home/carlos/projects/detection-engineering-sigma-rules/rules/t1547_001_registry_run_key_suspicious_payload.yml[/][/link]
2026-07-17 21:42:12 INFO     [green]\[✓][/] Converted [cyan]1[/] rules
2026-07-17 21:42:12 INFO     [+] 1 rules loaded
2026-07-17 21:42:12 INFO     [+] Checking prerequisites
2026-07-17 21:42:12 INFO     [+] Processing [yellow]1[/] file(s) separately in streaming mode
2026-07-17 21:42:12 INFO     [+] Processing file: [link=file:///home/carlos/projects/detection-engineering-sigma-rules/logs/T1021.002_smb_admin_shares/empire_smbexec_dcerpc_smb_svcctl_2020-09-20025716.json][cyan]empire_smbexec_dcerpc_smb_svcctl_2020-09-20025716.json[/][/link]
2026-07-17 21:42:12 INFO     [+] Processing events (streaming mode)
2026-07-17 21:42:12 INFO     [+] Creating dynamic model
2026-07-17 21:42:13 INFO     [+] Creating indexes
2026-07-17 21:42:13 INFO     [+] Total events processed: [magenta]7,504[/]
2026-07-17 21:42:13 INFO     [+] Executing ruleset for [link=file:///home/carlos/projects/detection-engineering-sigma-rules/logs/T1021.002_smb_admin_shares/empire_smbexec_dcerpc_smb_svcctl_2020-09-20025716.json][cyan]empire_smbexec_dcerpc_smb_svcctl_2020-09-20025716.json[/][/link] - [yellow]1[/] rules
2026-07-17 22:09:42 INFO     [+] Loading ruleset(s)
2026-07-17 22:09:42 INFO         [>] Converting Native Sigma to Zircolite ruleset : [link=file:///home/carlos/projects/detection-engineering-sigma-rules/rules/t1547_001_registry_run_key_suspicious_payload.yml][cyan]/home/carlos/projects/detection-engineering-sigma-rules/rules/t1547_001_registry_run_key_suspicious_payload.yml[/][/link]
2026-07-17 22:09:42 INFO     [green]\[✓][/] Converted [cyan]1[/] rules
2026-07-17 22:09:42 INFO     [+] 1 rules loaded
2026-07-17 22:09:42 INFO     [+] Checking prerequisites
2026-07-17 22:09:42 INFO     [+] Processing [yellow]1[/] file(s) separately in streaming mode
2026-07-17 22:09:42 INFO     [+] Processing file: [link=file:///home/carlos/projects/detection-engineering-sigma-rules/logs/T1021.002_smb_admin_shares/empire_smbexec_dcerpc_smb_svcctl_2020-09-20025716.json][cyan]empire_smbexec_dcerpc_smb_svcctl_2020-09-20025716.json[/][/link]
2026-07-17 22:09:42 INFO     [+] Processing events (streaming mode)
2026-07-17 22:09:43 INFO     [+] Creating dynamic model
2026-07-17 22:09:43 INFO     [+] Creating indexes
2026-07-17 22:09:43 INFO     [+] Total events processed: [magenta]7,504[/]
2026-07-17 22:09:43 INFO     [+] Executing ruleset for [link=file:///home/carlos/projects/detection-engineering-sigma-rules/logs/T1021.002_smb_admin_shares/empire_smbexec_dcerpc_smb_svcctl_2020-09-20025716.json][cyan]empire_smbexec_dcerpc_smb_svcctl_2020-09-20025716.json[/][/link] - [yellow]1[/] rules
